// Jest Snapshot v1, https://goo.gl/fbAQLP

exports[`Operators renders correctly 1`] = `
<React.Fragment>
  <CharacterButton
    characterToDisplay="+"
    color="secondary"
    key="+"
  />
  <CharacterButton
    characterToDisplay="−"
    color="secondary"
    key="−"
  />
  <CharacterButton
    characterToDisplay="×"
    color="secondary"
    key="×"
  />
  <CharacterButton
    characterToDisplay="÷"
    color="secondary"
    key="÷"
  />
</React.Fragment>
`;
